<html>
<body>
<pre>
<h1>礦ision Build Log</h1>
<h2>Tool Versions:</h2>
IDE-Version: μVision V5.39.0.0
Copyright (C) 2023 ARM Ltd and ARM Germany GmbH. All rights reserved.
License Information: Q Lenovo, Q, LIC=585FJ-U1FFY-NN9AF-6QDJ9-QZ6P6-CRWQ4
 
Tool Versions:
Toolchain:       MDK-ARM Plus  Version: 5.39.0.0
Toolchain Path:  D:\Keil_v5\ARM\ARMCC\Bin
C Compiler:      Armcc.exe V5.06 update 6 (build 750)
Assembler:       Armasm.exe V5.06 update 6 (build 750)
Linker/Locator:  ArmLink.exe V5.06 update 6 (build 750)
Library Manager: ArmAr.exe V5.06 update 6 (build 750)
Hex Converter:   FromElf.exe V5.06 update 6 (build 750)
CPU DLL:         SARMCM3.DLL V5.39.0.0
Dialog DLL:      DCM.DLL V1.17.5.0
Target DLL:      CMSIS_AGDI.dll V1.33.16.0
Dialog DLL:      TCM.DLL V1.56.4.0
 
<h2>Project:</h2>
C:\Users\Lenovo\Desktop\竞赛\电赛\2023电赛B题-DDS方案\Project\RVMDK（uv5）\Fire-F429.uvprojx
Project File Date:  07/10/2024

<h2>Output:</h2>
*** Using Compiler 'V5.06 update 6 (build 750)', folder: 'D:\Keil_v5\ARM\ARMCC\Bin'
Build target 'Fire-F429'
compiling stm32f4xx_it.c...
..\..\User\./Measure/C.h(34): warning:  #1-D: last line of file ends without a newline
  #endif /* __C_H */
..\..\User\./Measure/all.h(22): warning:  #1-D: last line of file ends without a newline
  #endif /* __ALL_H */
..\..\User\stm32f4xx_it.c: 2 warnings, 0 errors
compiling main.c...
..\..\User\./Measure/all.h(22): warning:  #1-D: last line of file ends without a newline
  #endif /* __ALL_H */
..\..\User\./Measure/R.h(6): warning:  #1295-D: Deprecated declaration getR - give arg types
  float getR(); // 单位Ω
..\..\User\./Measure/R.h(10): warning:  #1295-D: Deprecated declaration calVTask - give arg types
  void calVTask();
..\..\User\./Measure/R.h(12): warning:  #1295-D: Deprecated declaration calRTask - give arg types
  void calRTask();
..\..\User\./Measure/R.h(14): warning:  #1-D: last line of file ends without a newline
  #endif /* __R_H */
..\..\User\./Measure/C.h(34): warning:  #1-D: last line of file ends without a newline
  #endif /* __C_H */
..\..\User\main.c(336): warning:  #223-D: function "GT9xx_GetOnePiont" declared implicitly
  		GT9xx_GetOnePiont();
..\..\User\main.c(495): warning:  #1035-D: single-precision operand implicitly converted to double-precision
  		l = 0.99707*l-0.021046;
..\..\User\main.c: 8 warnings, 0 errors
linking...
Program Size: Code=117672 RO-data=551312 RW-data=1272 ZI-data=2263300  
FromELF: creating hex file...
"..\..\Output\Fire-F429.axf" - 0 Error(s), 10 Warning(s).

<h2>Software Packages used:</h2>

Package Vendor: Keil
                https://www.keil.com/pack/Keil.STM32F4xx_DFP.2.17.1.pack
                Keil::STM32F4xx_DFP@2.17.1
                STMicroelectronics STM32F4 Series Device Support, Drivers and Examples

<h2>Collection of Component include folders:</h2>
  D:/Users/Lenovo/AppData/Local/Arm/Packs/Keil/STM32F4xx_DFP/2.17.1/Drivers/CMSIS/Device/ST/STM32F4xx/Include

<h2>Collection of Component Files used:</h2>
Build Time Elapsed:  00:00:02
</pre>
</body>
</html>
